CCS PCM C Compiler, Version 4.074, 22034               08-Jun-22 16:49

               Filename: LED_BUTTON.lst

               ROM used: 125 words (2%)
                         Largest free fragment is 2048
               RAM used: 8 (2%) at main() level
                         8 (2%) worst case
               Stack:    1 locations

*
0000:  MOVLW  00
0001:  MOVWF  0A
0002:  GOTO   046
0003:  NOP
.................... #include <16f887.h> 
.................... //////// Standard Header file for the PIC16F887 device //////////////// 
.................... #device PIC16F887 
.................... #list 
....................  
.................... #device *=16 ADC=8 // Khai bao during con tro 16-bt  
.................... #FUSES NOWDT, HS, NOPUT, NOBROWNOUT,NOPROTECT, NOLVP  
.................... #use delay(clock = 8000000) // Khai bao su ðung Thach Anh 8 - Mhz 
.................... //#include<luutinh.h> 
.................... void Button1(); 
.................... void Button2(); 
.................... void Button1() 
.................... { 
.................... if(input(pin_d3)==0){ 
*
0004:  BSF    03.5
0005:  BSF    08.3
0006:  BCF    03.5
0007:  BTFSC  08.3
0008:  GOTO   016
....................  
.................... output_high(pin_c5); 
0009:  BCF    20.5
000A:  MOVF   20,W
000B:  BSF    03.5
000C:  MOVWF  07
000D:  BCF    03.5
000E:  BSF    07.5
....................  
.................... output_low(pin_c7); 
000F:  BCF    20.7
0010:  MOVF   20,W
0011:  BSF    03.5
0012:  MOVWF  07
0013:  BCF    03.5
0014:  BCF    07.7
....................  
.................... } 
.................... else{ 
0015:  GOTO   022
.................... output_low(pin_c5); 
0016:  BCF    20.5
0017:  MOVF   20,W
0018:  BSF    03.5
0019:  MOVWF  07
001A:  BCF    03.5
001B:  BCF    07.5
....................  
.................... output_low(pin_c7); 
001C:  BCF    20.7
001D:  MOVF   20,W
001E:  BSF    03.5
001F:  MOVWF  07
0020:  BCF    03.5
0021:  BCF    07.7
....................  
.................... } 
.................... }  
0022:  BCF    0A.3
0023:  BCF    0A.4
0024:  GOTO   072 (RETURN)
.................... void Button2(){ 
.................... if(input(pin_d4)==0){ 
0025:  BSF    03.5
0026:  BSF    08.4
0027:  BCF    03.5
0028:  BTFSC  08.4
0029:  GOTO   037
.................... output_high(pin_c5); 
002A:  BCF    20.5
002B:  MOVF   20,W
002C:  BSF    03.5
002D:  MOVWF  07
002E:  BCF    03.5
002F:  BSF    07.5
....................  
.................... output_high(pin_c7);  
0030:  BCF    20.7
0031:  MOVF   20,W
0032:  BSF    03.5
0033:  MOVWF  07
0034:  BCF    03.5
0035:  BSF    07.7
....................  
.................... } 
.................... else{ 
0036:  GOTO   043
.................... output_low(pin_c5); 
0037:  BCF    20.5
0038:  MOVF   20,W
0039:  BSF    03.5
003A:  MOVWF  07
003B:  BCF    03.5
003C:  BCF    07.5
....................  
.................... output_low(pin_c7); 
003D:  BCF    20.7
003E:  MOVF   20,W
003F:  BSF    03.5
0040:  MOVWF  07
0041:  BCF    03.5
0042:  BCF    07.7
....................  
....................  
.................... } 
.................... } 
0043:  BCF    0A.3
0044:  BCF    0A.4
0045:  GOTO   079 (RETURN)
.................... void main() 
.................... { 
0046:  CLRF   04
0047:  BCF    03.7
0048:  MOVLW  1F
0049:  ANDWF  03,F
004A:  BSF    03.5
004B:  BSF    03.6
004C:  MOVF   09,W
004D:  ANDLW  C0
004E:  MOVWF  09
004F:  BCF    03.6
0050:  BCF    1F.4
0051:  BCF    1F.5
0052:  MOVLW  00
0053:  BSF    03.6
0054:  MOVWF  08
0055:  BCF    03.5
0056:  CLRF   07
0057:  CLRF   08
0058:  CLRF   09
....................  
....................  
.................... set_tris_b(0x00);  // khai bao port b la output  
*
005C:  MOVLW  00
005D:  BSF    03.5
005E:  MOVWF  06
.................... set_tris_c(0x00);  // khai bao port c la output  
005F:  MOVWF  07
0060:  BCF    03.5
0061:  MOVWF  20
.................... set_tris_d(0xFF);  
0062:  MOVLW  FF
0063:  BSF    03.5
0064:  MOVWF  08
....................  
....................  
.................... while(TRUE){ 
....................  
....................  
.................... output_c(0x00); 
0065:  MOVLW  00
0066:  BCF    03.5
0067:  MOVWF  20
0068:  BSF    03.5
0069:  CLRF   07
006A:  BCF    03.5
006B:  CLRF   07
....................  
.................... //BUTTON 
....................  
.................... while(input(pin_d3)==0)  
.................... { 
006C:  BSF    03.5
006D:  BSF    08.3
006E:  BCF    03.5
006F:  BTFSC  08.3
0070:  GOTO   073
.................... Button1(); 
0071:  GOTO   004
.................... } 
0072:  GOTO   06C
.................... while(input(pin_d4)==0) 
.................... { 
0073:  BSF    03.5
0074:  BSF    08.4
0075:  BCF    03.5
0076:  BTFSC  08.4
0077:  GOTO   07A
.................... Button2(); 
0078:  GOTO   025
.................... } 
0079:  GOTO   073
....................  
.................... } 
007A:  BSF    03.5
007B:  GOTO   065
.................... } 
....................  
....................  
....................  
....................  
....................  
....................  
007C:  SLEEP

Configuration Fuses:
   Word  1: 2CF2   HS NOWDT NOPUT MCLR NOPROTECT NOCPD NOBROWNOUT IESO FCMEN NOLVP NODEBUG
   Word  2: 3FFF   NOWRT BORV40
